<html>
<body>
<pre>
<h1>µVision Build Log</h1>
<h2>Tool Versions:</h2>
IDE-Version: µVision V5.41.0.0
Copyright (C) 2024 ARM Ltd and ARM Germany GmbH. All rights reserved.
License Information: MD. ASAD-AL-ADIL, RUET_Student, LIC=----
 
Tool Versions:
Toolchain:       MDK-Lite  Version: 5.41.0.0
Toolchain Path:  D:\Software\ARM KEIL\Core\ARM\ARMCLANG\Bin
C Compiler:      ArmClang.exe V6.22
Assembler:       Armasm.exe V6.22
Linker/Locator:  ArmLink.exe V6.22
Library Manager: ArmAr.exe V6.22
Hex Converter:   FromElf.exe V6.22
CPU DLL:         SARMCM3.DLL V5.41.0.0
Dialog DLL:      DCM.DLL V1.17.5.0
Target DLL:      STLink\ST-LINKIII-KEIL_SWO.dll V3.3.0.0
Dialog DLL:      TCM.DLL V1.56.4.0
 
<h2>Project:</h2>
F:\RUET CSE LAB\3106-Computer Interfacing\LPE2_CSE3106_2103064\LPE2_CSE3106_2103064_Q2\potentiometer.uvprojx
Project File Date:  06/30/2025

<h2>Output:</h2>
*** Using Compiler 'V6.22', folder: 'D:\Software\ARM KEIL\Core\ARM\ARMCLANG\Bin'
Build target 'Target_1'
compiling potentiometer.c...
linking...
Program Size: Code=1420 RO-data=252 RW-data=0 ZI-data=1632  
".\Objects\potentiometer.axf" - 0 Error(s), 0 Warning(s).

<h2>Software Packages used:</h2>

Package Vendor: ARM
                https://www.keil.com/pack/ARM.CMSIS.6.1.0.pack
                ARM::CMSIS@6.1.0
                CMSIS (Common Microcontroller Software Interface Standard)
   * Component: CORE Version: 6.1.0

Package Vendor: ARM
                https://www.keil.com/pack/ARM.CMSIS-Compiler.2.1.0.pack
                ARM::CMSIS-Compiler@2.1.0
                CMSIS Compiler extensions for Arm Compiler, GCC, Clang, and IAR Compiler
   * Component: CORE Version: 1.1.0

Package Vendor: Keil
                https://www.keil.com/pack/Keil.STM32F1xx_DFP.2.4.1.pack
                Keil::STM32F1xx_DFP@2.4.1
                STMicroelectronics STM32F1 Series Device Support, Drivers and Examples
   * Component: DMA Version: 1.3
   * Component: GPIO Version: 1.3
   * Component: Startup Version: 1.0.0

<h2>Collection of Component include folders:</h2>
  ./RTE/Device/STM32F103C8
  ./RTE/_Target_1
  D:/Software/ARM KEIL/Pack/ARM/CMSIS/6.1.0/CMSIS/Core/Include
  D:/Software/ARM KEIL/Pack/Keil/STM32F1xx_DFP/2.4.1/Device/Include
  D:/Software/ARM KEIL/Pack/Keil/STM32F1xx_DFP/2.4.1/RTE_Driver

<h2>Collection of Component Files used:</h2>

   * Component: ARM::CMSIS-Compiler:CORE@1.1.0
      Source file:   source/armcc/retarget_io.c

   * Component: ARM::CMSIS:CORE@6.1.0

   * Component: Keil::Device:DMA@1.3
      Include file:  RTE_Driver/DMA_STM32F10x.h
      Source file:   RTE_Driver/DMA_STM32F10x.c

   * Component: Keil::Device:GPIO@1.3
      Include file:  RTE_Driver/GPIO_STM32F10x.h
      Source file:   RTE_Driver/GPIO_STM32F10x.c

   * Component: Keil::Device:Startup@1.0.0
      Source file:   Device/Source/ARM/startup_stm32f10x_md.s
      Include file:  RTE_Driver/Config/RTE_Device.h
      Source file:   Device/Source/system_stm32f10x.c
      Source file:   Device/Source/ARM/STM32F1xx_OPT.s
Build Time Elapsed:  00:00:00
</pre>
</body>
</html>
